// Jest Snapshot v1, https://goo.gl/fbAQLP

exports[`matches snaphshot 1`] = `
<div
  className="contact-container"
  data-testid="contact-container"
>
  <h1
    className="title"
  >
    Thank You!!!
  </h1>
  <div
    className="contact-content-container"
  >
    <div
      className="text-container"
    >
      <img
        alt="heart"
        className="logo"
        src="email.png"
      />
      <span>
        Contact Jared through his Instagram or email jmjcortez@gmail.com for commisions or prints
      </span>
    </div>
    <div
      className="text-container"
    >
      <img
        alt="ig"
        className="logo"
        src="ig.png"
      />
      <span>
        Follow Jared on his social media accounts
      </span>
      <span>
        Instagram: 
        <a
          className="ig-link"
          href="https://www.instagram.com/jared.m.cortez"
        >
          @jared.m.cortez
        </a>
      </span>
    </div>
  </div>
</div>
`;
